
> copy-editor@0.1.0 build
> next build

node.exe : ??Warning
: Next.js inferred y
our workspace root, 
but it may not be co
rrect.
위치 줄:1 문자:1
+ & "C:\Program File
s\nodejs/node.exe" "
C:\Program Files\nod
ejs/node_mo ...
+ ~~~~~~~~~~~~~~~~~~
~~~~~~~~~~~~~~~~~~~~
~~~~~~~~~~~~~~~~~~~~
~~~~~~~~~~~
    + CategoryInfo  
            : NotS  
  pecified: (??Wa   
 rning: Next...n    
ot be correct.:    S
tring) [], Rem    ot
eException
    + FullyQualifie 
   dErrorId : Nati  
  veCommandError
 
 We detected multipl
e lockfiles and sele
cted the directory o
f C:\Users\hongs\pac
kage-lock.json as th
e root directory.
 To silence this war
ning, set `turbopack
.root` in your Next.
js config, or consid
er removing one of t
he lockfiles if it's
 not needed.
   See https://nextj
s.org/docs/app/api-r
eference/config/next
-config-js/turbopack
#root-directory for 
more information.
 Detected additional
 lockfiles: 
   * C:\Users\hongs\
.gemini\antigravity\
scratch\copy-editor\
package-lock.json

??Next.js 16.1.4 (Turbopack)
- Environments: .env.local

  Creating an optimized production build ...

> Build error occurr
ed
Error: Turbopack bui
ld failed with 1 err
ors:
./.gemini/antigravit
y/scratch/copy-edito
r/src/components/pos
ter/steps/PosterMeta
Confirm.tsx:42:13
Ecmascript file had 
an error
[0m [90m 40 |[39m
 [90m 41 |[39m    
 [36mconst[39m { c
ontrol } [33m=[39m
 form[33m;[39m
[31m[1m>[22m[39m
[90m 42 |[39m     
[36mconst[39m { co
ntrol } [33m=[39m 
form[33m;[39m
 [90m    |[39m    
         [31m[1m^
[22m[39m[31m[1m^
[22m[39m[31m[1m^
[22m[39m[31m[1m^
[22m[39m[31m[1m^
[22m[39m[31m[1m^
[22m[39m[31m[1m^
[22m[39m
 [90m 43 |[39m    
 [90m// const curre
ntIntent = POSTER_IN
TENTS.find(i => i.id
 === selectedIntentI
d); // Unused for no
w[39m
 [90m 44 |[39m
 [90m 45 |[39m    
 [36mconst[39m han
dleKeywordsChange [
33m=[39m (e[33m:[
39m [33mReact[39m
[33m.[39m[33mChang
eEvent[39m[33m<[3
9m[33mHTMLInputElem
ent[39m[33m>[39m
[33m,[39m field[33
m:[39m any) [33m=>
[39m {[0m

the name `control` i
s defined multiple t
imes

Import traces:
  Client Component B
rowser:
    ./.gemini/antigr
avity/scratch/copy-e
ditor/src/components
/poster/steps/Poster
MetaConfirm.tsx [Cli
ent Component Browse
r]
    ./.gemini/antigr
avity/scratch/copy-e
ditor/src/components
/poster/PosterGenera
tor.tsx [Client Comp
onent Browser]
    ./.gemini/antigr
avity/scratch/copy-e
ditor/src/app/make/p
age.tsx [Client Comp
onent Browser]
    ./.gemini/antigr
avity/scratch/copy-e
ditor/src/app/make/p
age.tsx [Server Comp
onent]

  Client Component S
SR:
    ./.gemini/antigr
avity/scratch/copy-e
ditor/src/components
/poster/steps/Poster
MetaConfirm.tsx [Cli
ent Component SSR]
    ./.gemini/antigr
avity/scratch/copy-e
ditor/src/components
/poster/PosterGenera
tor.tsx [Client Comp
onent SSR]
    ./.gemini/antigr
avity/scratch/copy-e
ditor/src/app/make/p
age.tsx [Client Comp
onent SSR]
    ./.gemini/antigr
avity/scratch/copy-e
ditor/src/app/make/p
age.tsx [Server Comp
onent]


    at <unknown> (./
.gemini/antigravity/
scratch/copy-editor/
src/components/poste
r/steps/PosterMetaCo
nfirm.tsx:42:13)
