
> copy-editor@0.1.0 build
> next build

node.exe : ??Warning
: Next.js inferred y
our workspace root, 
but it may not be co
rrect.
위치 줄:1 문자:1
+ & "C:\Program File
s\nodejs/node.exe" "
C:\Program Files\nod
ejs/node_mo ...
+ ~~~~~~~~~~~~~~~~~~
~~~~~~~~~~~~~~~~~~~~
~~~~~~~~~~~~~~~~~~~~
~~~~~~~~~~~
    + CategoryInfo  
            : NotS  
  pecified: (??Wa   
 rning: Next...n    
ot be correct.:    S
tring) [], Rem    ot
eException
    + FullyQualifie 
   dErrorId : Nati  
  veCommandError
 
 We detected multipl
e lockfiles and sele
cted the directory o
f C:\Users\hongs\pac
kage-lock.json as th
e root directory.
 To silence this war
ning, set `turbopack
.root` in your Next.
js config, or consid
er removing one of t
he lockfiles if it's
 not needed.
   See https://nextj
s.org/docs/app/api-r
eference/config/next
-config-js/turbopack
#root-directory for 
more information.
 Detected additional
 lockfiles: 
   * C:\Users\hongs\
.gemini\antigravity\
scratch\copy-editor\
package-lock.json

??Next.js 16.1.4 (Turbopack)
- Environments: .env.local

  Creating an optimized production build ...
??Compiled successfully in 2.9s
  Running TypeScript ...
Failed to compile.

./src/app/api/genera
te/route.ts:66:77
Type error: Argument
 of type '{ category
: string; goal: stri
ng; name: string; co
ntactType: "phone" |
 "kakao" | "naver"; 
subCategory?: string
 | undefined; offer?
: string | undefined
; period?: string | 
undefined; contactVa
lue?: string | undef
ined; ... 16 more ..
.; additionalBrief?:
 string | undefined;
 }' is not assignabl
e to parameter of ty
pe 'FlyerInputs'.
  Types of property 
'offer' are incompat
ible.
    Type 'string | u
ndefined' is not ass
ignable to type 'str
ing'.
      Type 'undefine
d' is not assignable
 to type 'string'.

[0m [90m 64 |[39m
 [90m 65 |[39m    
     [90m// Generat
e All Variants (Engi
ne v1.1 handles A/B/
C internally)[39m
[31m[1m>[22m[39m
[90m 66 |[39m     
    [36mconst[39m 
engineResult [33m=
[39m [36mawait[39m
 generateAndRefine(i
nputs[33m.[39mcate
gory[33m,[39m tone
[33m,[39m inputs[
33m,[39m type[33m,
[39m traceId)[33m;
[39m
 [90m    |[39m    
                    
                    
                    
             [31m[
1m^[22m[39m
 [90m 67 |[39m
 [90m 68 |[39m    
     [36mconst[39m
 responseData[33m:
[39m [33mGenerateRe
sponse[39m [33m=[
39m {
 [90m 69 |[39m    
         variants[3
3m:[39m engineResul
t[33m.[39mvariants
[33m,[39m[0m
Next.js build worker
 exited with code: 1
 and signal: null
