src/lib/copy/brochure/prompts.ts(14,1): error TS1434: Unexpected keyword or identifier.
src/lib/copy/brochure/prompts.ts(14,5): error TS1434: Unexpected keyword or identifier.
src/lib/copy/brochure/prompts.ts(14,9): error TS1434: Unexpected keyword or identifier.
src/lib/copy/brochure/prompts.ts(14,13): error TS1434: Unexpected keyword or identifier.
src/lib/copy/brochure/prompts.ts(14,19): error TS1434: Unexpected keyword or identifier.
src/lib/copy/brochure/prompts.ts(14,30): error TS1434: Unexpected keyword or identifier.
src/lib/copy/brochure/prompts.ts(14,33): error TS1434: Unexpected keyword or identifier.
src/lib/copy/brochure/prompts.ts(14,35): error TS1434: Unexpected keyword or identifier.
src/lib/copy/brochure/prompts.ts(14,39): error TS1434: Unexpected keyword or identifier.
src/lib/copy/brochure/prompts.ts(14,46): error TS1434: Unexpected keyword or identifier.
src/lib/copy/brochure/prompts.ts(14,63): error TS1003: Identifier expected.
src/lib/copy/brochure/prompts.ts(15,1): error TS1434: Unexpected keyword or identifier.
src/lib/copy/brochure/prompts.ts(15,6): error TS1434: Unexpected keyword or identifier.
src/lib/copy/brochure/prompts.ts(15,10): error TS1228: A type predicate is only allowed in return type position for functions and methods.
src/lib/copy/brochure/prompts.ts(15,13): error TS1434: Unexpected keyword or identifier.
src/lib/copy/brochure/prompts.ts(15,16): error TS1434: Unexpected keyword or identifier.
src/lib/copy/brochure/prompts.ts(15,53): error TS1005: ';' expected.
src/lib/copy/brochure/prompts.ts(15,67): error TS1003: Identifier expected.
src/lib/copy/brochure/prompts.ts(16,1): error TS1434: Unexpected keyword or identifier.
src/lib/copy/brochure/prompts.ts(17,13): error TS1005: ';' expected.
src/lib/copy/brochure/prompts.ts(17,20): error TS1434: Unexpected keyword or identifier.
src/lib/copy/brochure/prompts.ts(17,25): error TS1434: Unexpected keyword or identifier.
src/lib/copy/brochure/prompts.ts(17,48): error TS1005: ';' expected.
src/lib/copy/brochure/prompts.ts(17,57): error TS1005: '(' expected.
src/lib/copy/brochure/prompts.ts(17,64): error TS1005: ';' expected.
src/lib/copy/brochure/prompts.ts(17,78): error TS1005: ';' expected.
src/lib/copy/brochure/prompts.ts(17,84): error TS1005: ')' expected.
src/lib/copy/brochure/prompts.ts(17,87): error TS1005: '(' expected.
src/lib/copy/brochure/prompts.ts(18,1): error TS1003: Identifier expected.
src/lib/copy/brochure/prompts.ts(18,6): error TS1005: ')' expected.
src/lib/copy/brochure/prompts.ts(18,22): error TS1005: ';' expected.
src/lib/copy/brochure/prompts.ts(18,28): error TS1005: ';' expected.
src/lib/copy/brochure/prompts.ts(18,40): error TS1005: ';' expected.
src/lib/copy/brochure/prompts.ts(18,48): error TS1005: ';' expected.
src/lib/copy/brochure/prompts.ts(19,1): error TS1003: Identifier expected.
src/lib/copy/brochure/prompts.ts(19,8): error TS1005: ';' expected.
src/lib/copy/brochure/prompts.ts(19,31): error TS1005: ';' expected.
src/lib/copy/brochure/prompts.ts(20,1): error TS1003: Identifier expected.
src/lib/copy/brochure/prompts.ts(20,10): error TS1005: ';' expected.
src/lib/copy/brochure/prompts.ts(20,18): error TS1434: Unexpected keyword or identifier.
src/lib/copy/brochure/prompts.ts(20,25): error TS1434: Unexpected keyword or identifier.
src/lib/copy/brochure/prompts.ts(20,30): error TS1434: Unexpected keyword or identifier.
src/lib/copy/brochure/prompts.ts(20,43): error TS1005: '(' expected.
src/lib/copy/brochure/prompts.ts(20,50): error TS1109: Expression expected.
src/lib/copy/brochure/prompts.ts(20,55): error TS1110: Type expected.
src/lib/copy/brochure/prompts.ts(21,14): error TS1005: ';' expected.
src/lib/copy/brochure/prompts.ts(21,19): error TS1434: Unexpected keyword or identifier.
src/lib/copy/brochure/prompts.ts(21,24): error TS1434: Unexpected keyword or identifier.
src/lib/copy/brochure/prompts.ts(21,43): error TS1005: ';' expected.
src/lib/copy/brochure/prompts.ts(21,62): error TS1005: ';' expected.
src/lib/copy/brochure/prompts.ts(21,70): error TS1434: Unexpected keyword or identifier.
src/lib/copy/brochure/prompts.ts(22,1): error TS1003: Identifier expected.
src/lib/copy/brochure/prompts.ts(31,12): error TS1005: ']' expected.
src/lib/copy/brochure/prompts.ts(31,16): error TS1128: Declaration or statement expected.
src/lib/copy/brochure/prompts.ts(32,9): error TS1005: ';' expected.
src/lib/copy/brochure/prompts.ts(32,11): error TS1434: Unexpected keyword or identifier.
src/lib/copy/brochure/prompts.ts(33,7): error TS1005: ';' expected.
src/lib/copy/brochure/prompts.ts(33,30): error TS1005: ',' expected.
src/lib/copy/brochure/prompts.ts(34,10): error TS1005: ';' expected.
src/lib/copy/brochure/prompts.ts(34,14): error TS1434: Unexpected keyword or identifier.
src/lib/copy/brochure/prompts.ts(34,32): error TS1005: ';' expected.
src/lib/copy/brochure/prompts.ts(34,49): error TS1109: Expression expected.
src/lib/copy/brochure/prompts.ts(34,57): error TS1005: ',' expected.
src/lib/copy/brochure/prompts.ts(36,1): error TS1003: Identifier expected.
src/lib/copy/brochure/prompts.ts(36,7): error TS1005: ']' expected.
src/lib/copy/brochure/prompts.ts(36,14): error TS1128: Declaration or statement expected.
src/lib/copy/brochure/prompts.ts(37,4): error TS1005: ';' expected.
src/lib/copy/brochure/prompts.ts(38,13): error TS1005: ';' expected.
src/lib/copy/brochure/prompts.ts(38,19): error TS1434: Unexpected keyword or identifier.
src/lib/copy/brochure/prompts.ts(38,24): error TS1434: Unexpected keyword or identifier.
src/lib/copy/brochure/prompts.ts(38,30): error TS1005: ';' expected.
src/lib/copy/brochure/prompts.ts(38,33): error TS1005: ';' expected.
src/lib/copy/brochure/prompts.ts(38,39): error TS1434: Unexpected keyword or identifier.
src/lib/copy/brochure/prompts.ts(38,50): error TS1434: Unexpected keyword or identifier.
src/lib/copy/brochure/prompts.ts(38,57): error TS1434: Unexpected keyword or identifier.
src/lib/copy/brochure/prompts.ts(38,62): error TS1435: Unknown keyword or identifier. Did you mean 'any'?
src/lib/copy/brochure/prompts.ts(39,1): error TS1003: Identifier expected.
src/lib/copy/brochure/prompts.ts(39,9): error TS1005: ';' expected.
src/lib/copy/brochure/prompts.ts(39,15): error TS1434: Unexpected keyword or identifier.
src/lib/copy/brochure/prompts.ts(39,20): error TS1434: Unexpected keyword or identifier.
src/lib/copy/brochure/prompts.ts(39,25): error TS1434: Unexpected keyword or identifier.
src/lib/copy/brochure/prompts.ts(39,31): error TS1434: Unexpected keyword or identifier.
src/lib/copy/brochure/prompts.ts(39,41): error TS1434: Unexpected keyword or identifier.
src/lib/copy/brochure/prompts.ts(39,62): error TS1005: ';' expected.
src/lib/copy/brochure/prompts.ts(41,1): error TS1003: Identifier expected.
src/lib/copy/brochure/prompts.ts(42,10): error TS1005: ';' expected.
src/lib/copy/brochure/prompts.ts(42,14): error TS1434: Unexpected keyword or identifier.
src/lib/copy/brochure/prompts.ts(42,41): error TS1005: ';' expected.
src/lib/copy/brochure/prompts.ts(43,1): error TS1003: Identifier expected.
src/lib/copy/brochure/prompts.ts(43,6): error TS1005: ';' expected.
src/lib/copy/brochure/prompts.ts(43,24): error TS1005: ';' expected.
src/lib/copy/brochure/prompts.ts(43,53): error TS1005: ';' expected.
src/lib/copy/brochure/prompts.ts(43,61): error TS1005: ';' expected.
src/lib/copy/brochure/prompts.ts(44,1): error TS1003: Identifier expected.
src/lib/copy/brochure/prompts.ts(50,1): error TS1434: Unexpected keyword or identifier.
src/lib/copy/brochure/prompts.ts(50,8): error TS1434: Unexpected keyword or identifier.
src/lib/copy/brochure/prompts.ts(50,10): error TS1434: Unexpected keyword or identifier.
src/lib/copy/brochure/prompts.ts(50,31): error TS1005: ';' expected.
src/lib/copy/brochure/prompts.ts(50,35): error TS1005: '(' expected.
src/lib/copy/brochure/prompts.ts(50,37): error TS1005: ';' expected.
src/lib/copy/brochure/prompts.ts(50,51): error TS1005: ';' expected.
src/lib/copy/brochure/prompts.ts(50,56): error TS1005: ')' expected.
src/lib/copy/brochure/prompts.ts(50,59): error TS1434: Unexpected keyword or identifier.
src/lib/copy/brochure/prompts.ts(50,66): error TS1434: Unexpected keyword or identifier.
src/lib/copy/brochure/prompts.ts(50,70): error TS1434: Unexpected keyword or identifier.
src/lib/copy/brochure/prompts.ts(50,81): error TS1434: Unexpected keyword or identifier.
src/lib/copy/brochure/prompts.ts(50,88): error TS1434: Unexpected keyword or identifier.
src/lib/copy/brochure/prompts.ts(52,1): error TS1003: Identifier expected.
src/lib/copy/brochure/prompts.ts(53,13): error TS1005: ';' expected.
src/lib/copy/brochure/prompts.ts(53,15): error TS1434: Unexpected keyword or identifier.
src/lib/copy/brochure/prompts.ts(54,8): error TS1005: ';' expected.
src/lib/copy/brochure/prompts.ts(54,10): error TS1434: Unexpected keyword or identifier.
src/lib/copy/brochure/prompts.ts(55,18): error TS1005: ';' expected.
src/lib/copy/brochure/prompts.ts(55,20): error TS1434: Unexpected keyword or identifier.
src/lib/copy/brochure/prompts.ts(57,8): error TS1005: ',' expected.
src/lib/copy/brochure/prompts.ts(58,1): error TS1434: Unexpected keyword or identifier.
src/lib/copy/brochure/prompts.ts(61,14): error TS1005: ';' expected.
src/lib/copy/brochure/prompts.ts(61,19): error TS1434: Unexpected keyword or identifier.
src/lib/copy/brochure/prompts.ts(61,22): error TS1434: Unexpected keyword or identifier.
src/lib/copy/brochure/prompts.ts(61,24): error TS1434: Unexpected keyword or identifier.
src/lib/copy/brochure/prompts.ts(61,29): error TS1434: Unexpected keyword or identifier.
src/lib/copy/brochure/prompts.ts(61,36): error TS1434: Unexpected keyword or identifier.
src/lib/copy/brochure/prompts.ts(61,45): error TS1434: Unexpected keyword or identifier.
src/lib/copy/brochure/prompts.ts(62,1): error TS1003: Identifier expected.
src/lib/copy/brochure/prompts.ts(62,6): error TS1005: ';' expected.
src/lib/copy/brochure/prompts.ts(62,8): error TS1435: Unknown keyword or identifier. Did you mean 'yield'?
src/lib/copy/brochure/prompts.ts(62,14): error TS1228: A type predicate is only allowed in return type position for functions and methods.
src/lib/copy/brochure/prompts.ts(62,31): error TS1005: ';' expected.
src/lib/copy/brochure/prompts.ts(62,34): error TS1434: Unexpected keyword or identifier.
src/lib/copy/brochure/prompts.ts(62,37): error TS1434: Unexpected keyword or identifier.
src/lib/copy/brochure/prompts.ts(62,41): error TS1434: Unexpected keyword or identifier.
src/lib/copy/brochure/prompts.ts(62,56): error TS1005: ';' expected.
src/lib/copy/brochure/prompts.ts(62,60): error TS1434: Unexpected keyword or identifier.
src/lib/copy/brochure/prompts.ts(62,67): error TS1434: Unexpected keyword or identifier.
src/lib/copy/brochure/prompts.ts(62,115): error TS1005: ';' expected.
src/lib/copy/brochure/prompts.ts(63,1): error TS1003: Identifier expected.
src/lib/copy/brochure/prompts.ts(63,8): error TS1005: ';' expected.
src/lib/copy/brochure/prompts.ts(65,1): error TS1003: Identifier expected.
src/lib/copy/brochure/prompts.ts(66,17): error TS1005: ';' expected.
src/lib/copy/brochure/prompts.ts(66,22): error TS1434: Unexpected keyword or identifier.
src/lib/copy/brochure/prompts.ts(67,1): error TS1003: Identifier expected.
src/lib/copy/brochure/prompts.ts(67,11): error TS1005: ';' expected.
src/lib/copy/brochure/prompts.ts(67,18): error TS1434: Unexpected keyword or identifier.
src/lib/copy/brochure/prompts.ts(67,23): error TS1434: Unexpected keyword or identifier.
src/lib/copy/brochure/prompts.ts(67,37): error TS1135: Argument expression expected.
src/lib/copy/brochure/prompts.ts(67,40): error TS1005: '(' expected.
src/lib/copy/brochure/prompts.ts(67,48): error TS1109: Expression expected.
src/lib/copy/brochure/prompts.ts(67,56): error TS1005: ';' expected.
src/lib/copy/brochure/prompts.ts(69,1): error TS1003: Identifier expected.
src/lib/copy/brochure/prompts.ts(70,1): error TS1435: Unknown keyword or identifier. Did you mean 'return'?
src/lib/copy/brochure/prompts.ts(73,6): error TS1161: Unterminated regular expression literal.
src/lib/copy/brochure/prompts.ts(91,1): error TS1434: Unexpected keyword or identifier.
src/lib/copy/brochure/prompts.ts(91,8): error TS1434: Unexpected keyword or identifier.
src/lib/copy/brochure/prompts.ts(91,19): error TS1005: ';' expected.
src/lib/copy/brochure/prompts.ts(91,31): error TS1351: An identifier or keyword cannot immediately follow a numeric literal.
src/lib/copy/brochure/prompts.ts(91,33): error TS1005: ',' expected.
src/lib/copy/brochure/prompts.ts(91,41): error TS1005: ';' expected.
src/lib/copy/brochure/prompts.ts(91,45): error TS1005: '(' expected.
src/lib/copy/brochure/prompts.ts(91,47): error TS1005: ';' expected.
src/lib/copy/brochure/prompts.ts(91,56): error TS1003: Identifier expected.
src/lib/copy/brochure/prompts.ts(92,1): error TS1005: ';' expected.
src/lib/copy/brochure/prompts.ts(92,6): error TS1005: ')' expected.
src/lib/copy/brochure/prompts.ts(92,12): error TS1228: A type predicate is only allowed in return type position for functions and methods.
src/lib/copy/brochure/prompts.ts(92,15): error TS1434: Unexpected keyword or identifier.
src/lib/copy/brochure/prompts.ts(92,25): error TS1005: ';' expected.
src/lib/copy/brochure/prompts.ts(92,31): error TS1003: Identifier expected.
src/lib/copy/brochure/prompts.ts(93,1): error TS1434: Unexpected keyword or identifier.
src/lib/copy/brochure/prompts.ts(93,5): error TS1434: Unexpected keyword or identifier.
src/lib/copy/brochure/prompts.ts(93,10): error TS1434: Unexpected keyword or identifier.
src/lib/copy/brochure/prompts.ts(93,18): error TS1434: Unexpected keyword or identifier.
src/lib/copy/brochure/prompts.ts(93,20): error TS1434: Unexpected keyword or identifier.
src/lib/copy/brochure/prompts.ts(93,29): error TS1434: Unexpected keyword or identifier.
src/lib/copy/brochure/prompts.ts(93,39): error TS1434: Unexpected keyword or identifier.
src/lib/copy/brochure/prompts.ts(93,44): error TS1434: Unexpected keyword or identifier.
src/lib/copy/brochure/prompts.ts(93,48): error TS1435: Unknown keyword or identifier. Did you mean 'void'?
src/lib/copy/brochure/prompts.ts(95,1): error TS1003: Identifier expected.
src/lib/copy/brochure/prompts.ts(96,13): error TS1005: ';' expected.
src/lib/copy/brochure/prompts.ts(96,15): error TS1434: Unexpected keyword or identifier.
src/lib/copy/brochure/prompts.ts(97,8): error TS1005: ';' expected.
src/lib/copy/brochure/prompts.ts(97,10): error TS1434: Unexpected keyword or identifier.
src/lib/copy/brochure/prompts.ts(98,16): error TS1005: ';' expected.
src/lib/copy/brochure/prompts.ts(98,18): error TS1434: Unexpected keyword or identifier.
src/lib/copy/brochure/prompts.ts(99,20): error TS1005: ';' expected.
src/lib/copy/brochure/prompts.ts(99,22): error TS1434: Unexpected keyword or identifier.
src/lib/copy/brochure/prompts.ts(101,7): error TS1005: ',' expected.
src/lib/copy/brochure/prompts.ts(101,17): error TS1005: ',' expected.
src/lib/copy/brochure/prompts.ts(102,1): error TS1434: Unexpected keyword or identifier.
src/lib/copy/brochure/prompts.ts(104,8): error TS1005: ',' expected.
src/lib/copy/brochure/prompts.ts(105,1): error TS1434: Unexpected keyword or identifier.
src/lib/copy/brochure/prompts.ts(108,14): error TS1005: ';' expected.
src/lib/copy/brochure/prompts.ts(108,22): error TS1434: Unexpected keyword or identifier.
src/lib/copy/brochure/prompts.ts(108,43): error TS1434: Unexpected keyword or identifier.
src/lib/copy/brochure/prompts.ts(108,49): error TS1434: Unexpected keyword or identifier.
src/lib/copy/brochure/prompts.ts(108,53): error TS1434: Unexpected keyword or identifier.
src/lib/copy/brochure/prompts.ts(109,1): error TS1003: Identifier expected.
src/lib/copy/brochure/prompts.ts(109,9): error TS1005: ';' expected.
src/lib/copy/brochure/prompts.ts(109,15): error TS1434: Unexpected keyword or identifier.
src/lib/copy/brochure/prompts.ts(109,20): error TS1434: Unexpected keyword or identifier.
src/lib/copy/brochure/prompts.ts(109,23): error TS1434: Unexpected keyword or identifier.
src/lib/copy/brochure/prompts.ts(109,32): error TS1434: Unexpected keyword or identifier.
src/lib/copy/brochure/prompts.ts(110,10): error TS1005: ';' expected.
src/lib/copy/brochure/prompts.ts(110,15): error TS1434: Unexpected keyword or identifier.
src/lib/copy/brochure/prompts.ts(110,25): error TS1434: Unexpected keyword or identifier.
src/lib/copy/brochure/prompts.ts(110,32): error TS1228: A type predicate is only allowed in return type position for functions and methods.
src/lib/copy/brochure/prompts.ts(110,53): error TS1005: ';' expected.
src/lib/copy/brochure/prompts.ts(110,62): error TS1005: ',' expected.
src/lib/copy/brochure/prompts.ts(110,68): error TS1005: ',' expected.
src/lib/copy/brochure/prompts.ts(110,81): error TS1005: ',' expected.
src/lib/copy/brochure/prompts.ts(111,1): error TS1003: Identifier expected.
src/lib/copy/brochure/prompts.ts(111,6): error TS1005: ';' expected.
src/lib/copy/brochure/prompts.ts(111,24): error TS1005: ';' expected.
src/lib/copy/brochure/prompts.ts(111,47): error TS1005: ';' expected.
src/lib/copy/brochure/prompts.ts(111,53): error TS1434: Unexpected keyword or identifier.
src/lib/copy/brochure/prompts.ts(111,60): error TS1434: Unexpected keyword or identifier.
src/lib/copy/brochure/prompts.ts(111,63): error TS1434: Unexpected keyword or identifier.
src/lib/copy/brochure/prompts.ts(111,75): error TS1434: Unexpected keyword or identifier.
src/lib/copy/brochure/prompts.ts(111,82): error TS1434: Unexpected keyword or identifier.
src/lib/copy/brochure/prompts.ts(111,88): error TS1434: Unexpected keyword or identifier.
src/lib/copy/brochure/prompts.ts(111,91): error TS1434: Unexpected keyword or identifier.
src/lib/copy/brochure/prompts.ts(113,1): error TS1003: Identifier expected.
src/lib/copy/brochure/prompts.ts(113,9): error TS1005: ']' expected.
src/lib/copy/brochure/prompts.ts(113,14): error TS1128: Declaration or statement expected.
src/lib/copy/brochure/prompts.ts(114,1): error TS1435: Unknown keyword or identifier. Did you mean 'return'?
src/lib/copy/brochure/prompts.ts(123,6): error TS1161: Unterminated regular expression literal.
src/lib/copy/brochure/prompts.ts(136,10): error TS1005: ']' expected.
src/lib/copy/brochure/prompts.ts(136,12): error TS1434: Unexpected keyword or identifier.
src/lib/copy/brochure/prompts.ts(136,17): error TS1128: Declaration or statement expected.
src/lib/copy/brochure/prompts.ts(137,7): error TS1005: ';' expected.
src/lib/copy/brochure/prompts.ts(137,14): error TS1434: Unexpected keyword or identifier.
src/lib/copy/brochure/prompts.ts(138,1): error TS1003: Identifier expected.
src/lib/copy/brochure/prompts.ts(138,18): error TS1005: ';' expected.
src/lib/copy/brochure/prompts.ts(138,30): error TS1005: ';' expected.
src/lib/copy/brochure/prompts.ts(139,6): error TS1005: ';' expected.
src/lib/copy/brochure/prompts.ts(143,10): error TS1005: ']' expected.
src/lib/copy/brochure/prompts.ts(143,12): error TS1434: Unexpected keyword or identifier.
src/lib/copy/brochure/prompts.ts(143,21): error TS1128: Declaration or statement expected.
src/lib/copy/brochure/prompts.ts(144,14): error TS1005: ';' expected.
src/lib/copy/brochure/prompts.ts(144,24): error TS1434: Unexpected keyword or identifier.
src/lib/copy/brochure/prompts.ts(144,35): error TS1434: Unexpected keyword or identifier.
src/lib/copy/brochure/prompts.ts(145,1): error TS1003: Identifier expected.
src/lib/copy/brochure/prompts.ts(145,4): error TS1005: ';' expected.
src/lib/copy/brochure/prompts.ts(145,7): error TS1005: ';' expected.
src/lib/copy/brochure/prompts.ts(145,13): error TS1434: Unexpected keyword or identifier.
src/lib/copy/brochure/prompts.ts(146,1): error TS1003: Identifier expected.
src/lib/copy/brochure/prompts.ts(146,6): error TS1005: ';' expected.
src/lib/copy/brochure/prompts.ts(146,22): error TS1005: ',' expected.
src/lib/copy/brochure/prompts.ts(146,24): error TS1005: ',' expected.
src/lib/copy/brochure/prompts.ts(146,32): error TS1005: ',' expected.
src/lib/copy/brochure/prompts.ts(146,39): error TS1005: ',' expected.
src/lib/copy/brochure/prompts.ts(146,43): error TS1005: ',' expected.
src/lib/copy/brochure/prompts.ts(147,6): error TS1005: ';' expected.
src/lib/copy/brochure/prompts.ts(151,10): error TS1005: ']' expected.
src/lib/copy/brochure/prompts.ts(151,12): error TS1434: Unexpected keyword or identifier.
src/lib/copy/brochure/prompts.ts(151,17): error TS1128: Declaration or statement expected.
src/lib/copy/brochure/prompts.ts(152,14): error TS1005: ';' expected.
src/lib/copy/brochure/prompts.ts(152,24): error TS1434: Unexpected keyword or identifier.
src/lib/copy/brochure/prompts.ts(153,1): error TS1003: Identifier expected.
src/lib/copy/brochure/prompts.ts(153,7): error TS1005: ';' expected.
src/lib/copy/brochure/prompts.ts(153,15): error TS1434: Unexpected keyword or identifier.
src/lib/copy/brochure/prompts.ts(153,35): error TS1005: '(' expected.
src/lib/copy/brochure/prompts.ts(153,41): error TS1005: ')' expected.
src/lib/copy/brochure/prompts.ts(153,70): error TS1005: ';' expected.
src/lib/copy/brochure/prompts.ts(154,1): error TS1003: Identifier expected.
src/lib/copy/brochure/prompts.ts(154,9): error TS1005: ';' expected.
src/lib/copy/brochure/prompts.ts(154,15): error TS1434: Unexpected keyword or identifier.
src/lib/copy/brochure/prompts.ts(154,26): error TS1435: Unknown keyword or identifier. Did you mean 'with out'?
src/lib/copy/brochure/prompts.ts(155,6): error TS1005: ';' expected.
src/lib/copy/brochure/prompts.ts(159,10): error TS1005: ']' expected.
src/lib/copy/brochure/prompts.ts(159,12): error TS1434: Unexpected keyword or identifier.
src/lib/copy/brochure/prompts.ts(159,17): error TS1128: Declaration or statement expected.
src/lib/copy/brochure/prompts.ts(160,9): error TS1005: ';' expected.
src/lib/copy/brochure/prompts.ts(160,67): error TS1005: ';' expected.
src/lib/copy/brochure/prompts.ts(161,1): error TS1003: Identifier expected.
src/lib/copy/brochure/prompts.ts(161,6): error TS1005: ';' expected.
src/lib/copy/brochure/prompts.ts(161,12): error TS1228: A type predicate is only allowed in return type position for functions and methods.
src/lib/copy/brochure/prompts.ts(161,28): error TS1005: ';' expected.
src/lib/copy/brochure/prompts.ts(161,31): error TS1434: Unexpected keyword or identifier.
src/lib/copy/brochure/prompts.ts(161,42): error TS1434: Unexpected keyword or identifier.
src/lib/copy/brochure/prompts.ts(161,54): error TS1434: Unexpected keyword or identifier.
src/lib/copy/brochure/prompts.ts(161,58): error TS1005: 'while' expected.
src/lib/copy/brochure/prompts.ts(162,6): error TS1005: ')' expected.
src/lib/copy/brochure/prompts.ts(166,10): error TS1005: ']' expected.
src/lib/copy/brochure/prompts.ts(166,12): error TS1434: Unexpected keyword or identifier.
src/lib/copy/brochure/prompts.ts(166,18): error TS1128: Declaration or statement expected.
src/lib/copy/brochure/prompts.ts(167,8): error TS1005: ';' expected.
src/lib/copy/brochure/prompts.ts(167,28): error TS1005: ';' expected.
src/lib/copy/brochure/prompts.ts(167,37): error TS1434: Unexpected keyword or identifier.
src/lib/copy/brochure/prompts.ts(167,41): error TS1434: Unexpected keyword or identifier.
src/lib/copy/brochure/prompts.ts(168,1): error TS1003: Identifier expected.
src/lib/copy/brochure/prompts.ts(168,11): error TS1005: ';' expected.
src/lib/copy/brochure/prompts.ts(168,33): error TS1005: ';' expected.
src/lib/copy/brochure/prompts.ts(168,36): error TS1005: '(' expected.
src/lib/copy/brochure/prompts.ts(169,6): error TS1005: ')' expected.
src/lib/copy/brochure/prompts.ts(189,1): error TS1434: Unexpected keyword or identifier.
src/lib/copy/brochure/prompts.ts(189,19): error TS1005: '{' expected.
src/lib/copy/brochure/prompts.ts(189,23): error TS1005: '(' expected.
src/lib/copy/brochure/prompts.ts(189,27): error TS1005: ';' expected.
src/lib/copy/brochure/prompts.ts(189,36): error TS1005: ';' expected.
src/lib/copy/brochure/prompts.ts(191,1): error TS1003: Identifier expected.
src/lib/copy/brochure/prompts.ts(192,13): error TS1005: ')' expected.
src/lib/copy/brochure/prompts.ts(192,15): error TS1434: Unexpected keyword or identifier.
src/lib/copy/brochure/prompts.ts(193,8): error TS1005: ';' expected.
src/lib/copy/brochure/prompts.ts(193,10): error TS1434: Unexpected keyword or identifier.
src/lib/copy/brochure/prompts.ts(194,18): error TS1005: ';' expected.
src/lib/copy/brochure/prompts.ts(194,20): error TS1434: Unexpected keyword or identifier.
src/lib/copy/brochure/prompts.ts(196,1): error TS1434: Unexpected keyword or identifier.
src/lib/copy/brochure/prompts.ts(199,13): error TS1005: ';' expected.
src/lib/copy/brochure/prompts.ts(199,15): error TS1434: Unexpected keyword or identifier.
src/lib/copy/brochure/prompts.ts(200,7): error TS1005: ';' expected.
src/lib/copy/brochure/prompts.ts(200,9): error TS1434: Unexpected keyword or identifier.
src/lib/copy/brochure/prompts.ts(202,7): error TS1005: ',' expected.
src/lib/copy/brochure/prompts.ts(203,1): error TS1434: Unexpected keyword or identifier.
src/lib/copy/brochure/prompts.ts(205,8): error TS1005: ',' expected.
src/lib/copy/brochure/prompts.ts(206,1): error TS1434: Unexpected keyword or identifier.
src/lib/copy/brochure/prompts.ts(206,5): error TS1434: Unexpected keyword or identifier.
src/lib/copy/brochure/prompts.ts(206,10): error TS1434: Unexpected keyword or identifier.
src/lib/copy/brochure/prompts.ts(206,15): error TS1434: Unexpected keyword or identifier.
src/lib/copy/brochure/prompts.ts(206,21): error TS1434: Unexpected keyword or identifier.
src/lib/copy/brochure/prompts.ts(206,41): error TS1005: ';' expected.
src/lib/copy/brochure/prompts.ts(206,45): error TS1434: Unexpected keyword or identifier.
src/lib/copy/brochure/prompts.ts(207,6): error TS1005: ';' expected.
src/lib/copy/brochure/prompts.ts(209,7): error TS1005: ',' expected.
src/lib/copy/brochure/prompts.ts(210,1): error TS1434: Unexpected keyword or identifier.
src/lib/copy/brochure/prompts.ts(229,10): error TS1005: ',' expected.
src/lib/copy/brochure/prompts.ts(229,13): error TS1005: ',' expected.
src/lib/copy/brochure/prompts.ts(230,1): error TS1435: Unknown keyword or identifier. Did you mean 'for'?
src/lib/copy/brochure/prompts.ts(230,5): error TS1434: Unexpected keyword or identifier.
src/lib/copy/brochure/prompts.ts(230,25): error TS1005: ';' expected.
src/lib/copy/brochure/prompts.ts(230,31): error TS1434: Unexpected keyword or identifier.
src/lib/copy/brochure/prompts.ts(230,65): error TS1005: ';' expected.
src/lib/copy/brochure/prompts.ts(230,81): error TS1005: ';' expected.
src/lib/copy/brochure/prompts.ts(230,87): error TS1434: Unexpected keyword or identifier.
src/lib/copy/brochure/prompts.ts(230,94): error TS1434: Unexpected keyword or identifier.
src/lib/copy/brochure/prompts.ts(230,97): error TS1434: Unexpected keyword or identifier.
src/lib/copy/brochure/prompts.ts(230,109): error TS1135: Argument expression expected.
src/lib/copy/brochure/prompts.ts(230,112): error TS1434: Unexpected keyword or identifier.
src/lib/copy/brochure/prompts.ts(230,116): error TS1005: 'while' expected.
src/lib/copy/brochure/prompts.ts(230,123): error TS1128: Declaration or statement expected.
src/lib/copy/brochure/prompts.ts(231,1): error TS1434: Unexpected keyword or identifier.
src/lib/copy/brochure/prompts.ts(233,1): error TS1434: Unexpected keyword or identifier.
src/lib/copy/brochure/prompts.ts(236,1): error TS1435: Unknown keyword or identifier. Did you mean 'return'?
src/lib/copy/brochure/prompts.ts(242,32): error TS1109: Expression expected.
src/lib/copy/brochure/prompts.ts(246,6): error TS1161: Unterminated regular expression literal.
src/lib/copy/brochure/prompts.ts(249,1): error TS1160: Unterminated template literal.
