trendstream/web/src/app/preflight/page.tsx(114,1): error TS1160: Unterminated template literal.
